Importing activities...
  => Sport type "Wrong" not supported yet. <a href="https://github.com/robiningelbrecht/strava-statistics/issues/new?assignees=robiningelbrecht&labels=new+feature&projects=&template=feature_request.md&title=Add+support+for+sport+type+Wrong>Open a new GitHub issue</a> to if you want support for this sport type
  => Imported activity "Night Ride1"
  => Imported activity "Watopia Flat Forward in London"
  => Updated activity "Night Ride3"
  => Imported activity "Night Ride4"
  => Imported activity "Night Ride5"
  => Deleted activity "Delete this one"
  => Deleted activity "Delete this one as well"