<html><body>
<nav class="flex mb-5" aria-label="Breadcrumb">
    <ol class="inline-flex items-center space-x-1 text-sm font-medium md:space-x-2">
        <li class="inline-flex items-center">
            <a href="#" data-router-navigate="dashboard" class="inline-flex items-center text-gray-700 hover:text-primary-600 hover:underline">
                <svg class="w-5 h-5 mr-2.5" fill="currentColor" viewbox="0 0 20 20" xmlns="http://www.w3.org/2000/svg"><path d="M10.707 2.293a1 1 0 00-1.414 0l-7 7a1 1 0 001.414 1.414L4 10.414V17a1 1 0 001 1h2a1 1 0 001-1v-2a1 1 0 011-1h2a1 1 0 011 1v2a1 1 0 001 1h2a1 1 0 001-1v-6.586l.293.293a1 1 0 001.414-1.414l-7-7z"></path></svg>
                Dashboard
            </a>
        </li>
            <li>
        <div class="flex items-center">
            <svg class="w-6 h-6 text-gray-400" fill="currentColor" viewbox="0 0 20 20" xmlns="http://www.w3.org/2000/svg">
                <path fill-rule="evenodd" d="M7.293 14.707a1 1 0 010-1.414L10.586 10 7.293 6.707a1 1 0 011.414-1.414l4 4a1 1 0 010 1.414l-4 4a1 1 0 01-1.414 0z" clip-rule="evenodd"></path>
            </svg>
            <a href="#" data-router-navigate="rewind" class="ml-1 text-gray-700 hover:text-primary-600 md:ml-2">Rewind</a>
        </div>
    </li>
    </ol>
</nav>
            <div class="mb-4 p-4 bg-white border border-gray-200 rounded-lg shadow-xs">
            <div class="flex items-center p-4 mb-4 text-sm text-blue-800 border border-blue-300 rounded-lg bg-blue-50" role="alert">
                <svg class="shrink-0 inline w-4 h-4 me-3" aria-hidden="true" xmlns="http://www.w3.org/2000/svg" fill="currentColor" viewbox="0 0 20 20">
                    <path d="M10 .5a9.5 9.5 0 1 0 9.5 9.5A9.51 9.51 0 0 0 10 .5ZM9.5 4a1.5 1.5 0 1 1 0 3 1.5 1.5 0 0 1 0-3ZM12 15H8a1 1 0 0 1 0-2h1v-3H8a1 1 0 0 1 0-2h2a1 1 0 0 1 1 1v4h1a1 1 0 0 1 0 2Z"></path>
                </svg>
                <span class="sr-only">Info</span>
                <div>
                    <span class="font-medium">Attention!</span> Your Strava 2025 rewind will be available on the 24th of December.
                </div>
            </div>
            <button id="dropdownDefaultButton" data-dropdown-toggle="dropdown" class="cursor-pointer w-fit text-white bg-strava-orange hover:bg-orange-600 focus:ring-4 focus:outline-hidden focus:ring-orange-300 font-medium rounded-lg text-sm px-3 py-2 inline-flex items-center justify-between" type="button">
                Rewind 2024
                <svg class="w-2.5 h-2.5 ms-3" aria-hidden="true" xmlns="http://www.w3.org/2000/svg" fill="none" viewbox="0 0 10 6">
                    <path stroke="currentColor" stroke-linecap="round" stroke-linejoin="round" stroke-width="2" d="m1 1 4 4 4-4"></path>
                </svg>
            </button>
            <!-- Dropdown menu -->
            <div id="dropdown" class="z-1002 w-fit hidden bg-white rounded-lg shadow-sm">
                <ul class="py-2 text-sm text-gray-700" aria-labelledby="dropdownDefaultButton">
                    <li>
                        <a href="#" class="block px-4 py-2 hover:bg-gray-100 ">Rewind 2023</a>
                    </li>
                    <li>
                        <a href="#" class="block px-4 py-2 hover:bg-gray-100 ">Rewind 2022</a>
                    </li>
                    <li>
                        <a href="#" class="block px-4 py-2 hover:bg-gray-100 ">Rewind 2021</a>
                    </li>
                    <li>
                        <a href="#" class="block px-4 py-2 hover:bg-gray-100 ">Rewind 2020</a>
                    </li>
                    <li>
                        <a href="#" class="block px-4 py-2 hover:bg-gray-100 ">Rewind 2019</a>
                    </li>
                </ul>
            </div>
        </div>
        <div class="grid grid-cols-3 gap-4">
                            <div class="p-4 bg-white border border-gray-200 rounded-lg shadow-xs">
                    <div role="status" class="max-w-sm animate-pulse">
                        <div class="h-2.5 bg-gray-200 rounded-full w-32 mb-2.5"></div>
                        <div class="w-48 h-2 mb-10 bg-gray-200 rounded-full "></div>
                        <div class="flex items-baseline mt-4">
                            <div class="w-full bg-gray-200 rounded-t-lg h-72 "></div>
                            <div class="w-full h-56 ms-6 bg-gray-200 rounded-t-lg"></div>
                            <div class="w-full bg-gray-200 rounded-t-lg h-72 ms-6"></div>
                            <div class="w-full h-64 ms-6 bg-gray-200 rounded-t-lg"></div>
                            <div class="w-full bg-gray-200 rounded-t-lg h-80 ms-6"></div>
                            <div class="w-full bg-gray-200 rounded-t-lg h-72 ms-6"></div>
                            <div class="w-full bg-gray-200 rounded-t-lg h-80 ms-6"></div>
                        </div>
                        <span class="sr-only">Loading...</span>
                    </div>
                </div>
                            <div class="p-4 bg-white border border-gray-200 rounded-lg shadow-xs">
                    <div role="status" class="max-w-sm animate-pulse">
                        <div class="h-2.5 bg-gray-200 rounded-full w-32 mb-2.5"></div>
                        <div class="w-48 h-2 mb-10 bg-gray-200 rounded-full "></div>
                        <div class="flex items-baseline mt-4">
                            <div class="w-full bg-gray-200 rounded-t-lg h-72 "></div>
                            <div class="w-full h-56 ms-6 bg-gray-200 rounded-t-lg"></div>
                            <div class="w-full bg-gray-200 rounded-t-lg h-72 ms-6"></div>
                            <div class="w-full h-64 ms-6 bg-gray-200 rounded-t-lg"></div>
                            <div class="w-full bg-gray-200 rounded-t-lg h-80 ms-6"></div>
                            <div class="w-full bg-gray-200 rounded-t-lg h-72 ms-6"></div>
                            <div class="w-full bg-gray-200 rounded-t-lg h-80 ms-6"></div>
                        </div>
                        <span class="sr-only">Loading...</span>
                    </div>
                </div>
                            <div class="p-4 bg-white border border-gray-200 rounded-lg shadow-xs">
                    <div role="status" class="max-w-sm animate-pulse">
                        <div class="h-2.5 bg-gray-200 rounded-full w-32 mb-2.5"></div>
                        <div class="w-48 h-2 mb-10 bg-gray-200 rounded-full "></div>
                        <div class="flex items-baseline mt-4">
                            <div class="w-full bg-gray-200 rounded-t-lg h-72 "></div>
                            <div class="w-full h-56 ms-6 bg-gray-200 rounded-t-lg"></div>
                            <div class="w-full bg-gray-200 rounded-t-lg h-72 ms-6"></div>
                            <div class="w-full h-64 ms-6 bg-gray-200 rounded-t-lg"></div>
                            <div class="w-full bg-gray-200 rounded-t-lg h-80 ms-6"></div>
                            <div class="w-full bg-gray-200 rounded-t-lg h-72 ms-6"></div>
                            <div class="w-full bg-gray-200 rounded-t-lg h-80 ms-6"></div>
                        </div>
                        <span class="sr-only">Loading...</span>
                    </div>
                </div>
                            <div class="p-4 bg-white border border-gray-200 rounded-lg shadow-xs">
                    <div role="status" class="max-w-sm animate-pulse">
                        <div class="h-2.5 bg-gray-200 rounded-full w-32 mb-2.5"></div>
                        <div class="w-48 h-2 mb-10 bg-gray-200 rounded-full "></div>
                        <div class="flex items-baseline mt-4">
                            <div class="w-full bg-gray-200 rounded-t-lg h-72 "></div>
                            <div class="w-full h-56 ms-6 bg-gray-200 rounded-t-lg"></div>
                            <div class="w-full bg-gray-200 rounded-t-lg h-72 ms-6"></div>
                            <div class="w-full h-64 ms-6 bg-gray-200 rounded-t-lg"></div>
                            <div class="w-full bg-gray-200 rounded-t-lg h-80 ms-6"></div>
                            <div class="w-full bg-gray-200 rounded-t-lg h-72 ms-6"></div>
                            <div class="w-full bg-gray-200 rounded-t-lg h-80 ms-6"></div>
                        </div>
                        <span class="sr-only">Loading...</span>
                    </div>
                </div>
                            <div class="p-4 bg-white border border-gray-200 rounded-lg shadow-xs">
                    <div role="status" class="max-w-sm animate-pulse">
                        <div class="h-2.5 bg-gray-200 rounded-full w-32 mb-2.5"></div>
                        <div class="w-48 h-2 mb-10 bg-gray-200 rounded-full "></div>
                        <div class="flex items-baseline mt-4">
                            <div class="w-full bg-gray-200 rounded-t-lg h-72 "></div>
                            <div class="w-full h-56 ms-6 bg-gray-200 rounded-t-lg"></div>
                            <div class="w-full bg-gray-200 rounded-t-lg h-72 ms-6"></div>
                            <div class="w-full h-64 ms-6 bg-gray-200 rounded-t-lg"></div>
                            <div class="w-full bg-gray-200 rounded-t-lg h-80 ms-6"></div>
                            <div class="w-full bg-gray-200 rounded-t-lg h-72 ms-6"></div>
                            <div class="w-full bg-gray-200 rounded-t-lg h-80 ms-6"></div>
                        </div>
                        <span class="sr-only">Loading...</span>
                    </div>
                </div>
                            <div class="p-4 bg-white border border-gray-200 rounded-lg shadow-xs">
                    <div role="status" class="max-w-sm animate-pulse">
                        <div class="h-2.5 bg-gray-200 rounded-full w-32 mb-2.5"></div>
                        <div class="w-48 h-2 mb-10 bg-gray-200 rounded-full "></div>
                        <div class="flex items-baseline mt-4">
                            <div class="w-full bg-gray-200 rounded-t-lg h-72 "></div>
                            <div class="w-full h-56 ms-6 bg-gray-200 rounded-t-lg"></div>
                            <div class="w-full bg-gray-200 rounded-t-lg h-72 ms-6"></div>
                            <div class="w-full h-64 ms-6 bg-gray-200 rounded-t-lg"></div>
                            <div class="w-full bg-gray-200 rounded-t-lg h-80 ms-6"></div>
                            <div class="w-full bg-gray-200 rounded-t-lg h-72 ms-6"></div>
                            <div class="w-full bg-gray-200 rounded-t-lg h-80 ms-6"></div>
                        </div>
                        <span class="sr-only">Loading...</span>
                    </div>
                </div>
                            <div class="p-4 bg-white border border-gray-200 rounded-lg shadow-xs">
                    <div role="status" class="max-w-sm animate-pulse">
                        <div class="h-2.5 bg-gray-200 rounded-full w-32 mb-2.5"></div>
                        <div class="w-48 h-2 mb-10 bg-gray-200 rounded-full "></div>
                        <div class="flex items-baseline mt-4">
                            <div class="w-full bg-gray-200 rounded-t-lg h-72 "></div>
                            <div class="w-full h-56 ms-6 bg-gray-200 rounded-t-lg"></div>
                            <div class="w-full bg-gray-200 rounded-t-lg h-72 ms-6"></div>
                            <div class="w-full h-64 ms-6 bg-gray-200 rounded-t-lg"></div>
                            <div class="w-full bg-gray-200 rounded-t-lg h-80 ms-6"></div>
                            <div class="w-full bg-gray-200 rounded-t-lg h-72 ms-6"></div>
                            <div class="w-full bg-gray-200 rounded-t-lg h-80 ms-6"></div>
                        </div>
                        <span class="sr-only">Loading...</span>
                    </div>
                </div>
                            <div class="p-4 bg-white border border-gray-200 rounded-lg shadow-xs">
                    <div role="status" class="max-w-sm animate-pulse">
                        <div class="h-2.5 bg-gray-200 rounded-full w-32 mb-2.5"></div>
                        <div class="w-48 h-2 mb-10 bg-gray-200 rounded-full "></div>
                        <div class="flex items-baseline mt-4">
                            <div class="w-full bg-gray-200 rounded-t-lg h-72 "></div>
                            <div class="w-full h-56 ms-6 bg-gray-200 rounded-t-lg"></div>
                            <div class="w-full bg-gray-200 rounded-t-lg h-72 ms-6"></div>
                            <div class="w-full h-64 ms-6 bg-gray-200 rounded-t-lg"></div>
                            <div class="w-full bg-gray-200 rounded-t-lg h-80 ms-6"></div>
                            <div class="w-full bg-gray-200 rounded-t-lg h-72 ms-6"></div>
                            <div class="w-full bg-gray-200 rounded-t-lg h-80 ms-6"></div>
                        </div>
                        <span class="sr-only">Loading...</span>
                    </div>
                </div>
                            <div class="p-4 bg-white border border-gray-200 rounded-lg shadow-xs">
                    <div role="status" class="max-w-sm animate-pulse">
                        <div class="h-2.5 bg-gray-200 rounded-full w-32 mb-2.5"></div>
                        <div class="w-48 h-2 mb-10 bg-gray-200 rounded-full "></div>
                        <div class="flex items-baseline mt-4">
                            <div class="w-full bg-gray-200 rounded-t-lg h-72 "></div>
                            <div class="w-full h-56 ms-6 bg-gray-200 rounded-t-lg"></div>
                            <div class="w-full bg-gray-200 rounded-t-lg h-72 ms-6"></div>
                            <div class="w-full h-64 ms-6 bg-gray-200 rounded-t-lg"></div>
                            <div class="w-full bg-gray-200 rounded-t-lg h-80 ms-6"></div>
                            <div class="w-full bg-gray-200 rounded-t-lg h-72 ms-6"></div>
                            <div class="w-full bg-gray-200 rounded-t-lg h-80 ms-6"></div>
                        </div>
                        <span class="sr-only">Loading...</span>
                    </div>
                </div>
                            <div class="p-4 bg-white border border-gray-200 rounded-lg shadow-xs">
                    <div role="status" class="max-w-sm animate-pulse">
                        <div class="h-2.5 bg-gray-200 rounded-full w-32 mb-2.5"></div>
                        <div class="w-48 h-2 mb-10 bg-gray-200 rounded-full "></div>
                        <div class="flex items-baseline mt-4">
                            <div class="w-full bg-gray-200 rounded-t-lg h-72 "></div>
                            <div class="w-full h-56 ms-6 bg-gray-200 rounded-t-lg"></div>
                            <div class="w-full bg-gray-200 rounded-t-lg h-72 ms-6"></div>
                            <div class="w-full h-64 ms-6 bg-gray-200 rounded-t-lg"></div>
                            <div class="w-full bg-gray-200 rounded-t-lg h-80 ms-6"></div>
                            <div class="w-full bg-gray-200 rounded-t-lg h-72 ms-6"></div>
                            <div class="w-full bg-gray-200 rounded-t-lg h-80 ms-6"></div>
                        </div>
                        <span class="sr-only">Loading...</span>
                    </div>
                </div>
                            <div class="p-4 bg-white border border-gray-200 rounded-lg shadow-xs">
                    <div role="status" class="max-w-sm animate-pulse">
                        <div class="h-2.5 bg-gray-200 rounded-full w-32 mb-2.5"></div>
                        <div class="w-48 h-2 mb-10 bg-gray-200 rounded-full "></div>
                        <div class="flex items-baseline mt-4">
                            <div class="w-full bg-gray-200 rounded-t-lg h-72 "></div>
                            <div class="w-full h-56 ms-6 bg-gray-200 rounded-t-lg"></div>
                            <div class="w-full bg-gray-200 rounded-t-lg h-72 ms-6"></div>
                            <div class="w-full h-64 ms-6 bg-gray-200 rounded-t-lg"></div>
                            <div class="w-full bg-gray-200 rounded-t-lg h-80 ms-6"></div>
                            <div class="w-full bg-gray-200 rounded-t-lg h-72 ms-6"></div>
                            <div class="w-full bg-gray-200 rounded-t-lg h-80 ms-6"></div>
                        </div>
                        <span class="sr-only">Loading...</span>
                    </div>
                </div>
                    </div>
        <div class="mt-4 p-4 bg-white border border-gray-200 rounded-lg shadow-xs">
            <p class="text-xs">
                These charts are based on <a href="https://github.com/atefkbenothman" class="underline" target="_blank">Kai's</a> work,
                go <a href="https://github.com/atefkbenothman/strava-recap" class="underline" target="_blank">check it out</a>
            </p>
        </div>
    
</body></html>
