[
    {
        "active": true,
        "searchables": "Watopia Flat Forward in London is-Run",
        "sort": {
            "start-date": 1693499735,
            "distance": 33.547599999999996,
            "elevation": 278,
            "moving-time": 3786,
            "power": 192,
            "speed": 31.9,
            "heart-rate": 154,
            "calories": 695
        },
        "markup": "<tr class=\"group odd:bg-white border-b even:border-b even:bg-gray-50\">\n    <td class=\"px-2 py-2\">\n        31-08-23\n    </td>\n    <td class=\"px-2 py-2 truncate lg:sticky lg:left-0 group-odd:bg-white group-even:bg-gray-50\">\n                                <a href=\"#\" data-model-content-url=\"activity/activity-9756441741.html\" class=\"font-medium text-blue-600 hover:underline flex items-center gap-x-1\" rel=\"nofollow\">\n                                    <svg class=\"h-4 shrink-0\" viewBox=\"0 0 24 24\" xmlns=\"http://www.w3.org/2000/svg\" fill=\"#F26722\"><g stroke-width=\"0\"></g><g stroke-linecap=\"round\" stroke-linejoin=\"round\"></g><g> <g> <path fill=\"none\" d=\"M0 0h24v24H0z\"></path> <path d=\"M9.83 8.79L8 9.456V13H6V8.05h.015l5.268-1.918c.244-.093.51-.14.782-.131a2.616 2.616 0 0 1 2.427 1.82c.186.583.356.977.51 1.182A4.992 4.992 0 0 0 19 11v2a6.986 6.986 0 0 1-5.402-2.547l-.581 3.297L15 15.67V23h-2v-5.986l-2.05-1.987-.947 4.298-6.894-1.215.348-1.97 4.924.868L9.83 8.79zM13.5 5.5a2 2 0 1 1 0-4 2 2 0 0 1 0 4z\"></path></g></g></svg>\n                                        <span>Watopia Flat Forward in London</span>\n            </a>\n\n    </td>\n    <td class=\"px-6 py-2\">\n        34<span class=\"text-xs\">km</span>\n\n    </td>\n    <td class=\"px-6 py-2\">\n        <div class=\"w-[4rem]\">278<span class=\"text-xs\">m</span>\n</div>\n    </td>\n    <td class=\"px-6 py-2\">\n        1:03:06\n    </td>\n    <td class=\"px-6 py-2\">\n        31.9<span class=\"text-xs\">km/h</span>\n\n    </td>\n    <td class=\"px-6 py-2\">\n        154\n    </td>\n    <td class=\"px-6 py-2\">\n        695<span class=\"text-xs\">kcal</span>\n    </td>\n    <td class=\"px-6 py-2\">\n        192<span class=\"text-xs\">w</span>\n    </td>\n                                <td class=\"px-2 py-2 border-l-2\">\n                493<span class=\"text-xs\">w</span>\n            </td>\n            <td class=\"px-2 py-2 border-r-2\">\n                7.25<span class=\"text-xs\">w/kg</span>\n            </td>\n                                        <td class=\"px-2 py-2 border-l-2\">\n                460<span class=\"text-xs\">w</span>\n            </td>\n            <td class=\"px-2 py-2 border-r-2\">\n                6.76<span class=\"text-xs\">w/kg</span>\n            </td>\n                                        <td class=\"px-2 py-2 border-l-2\">\n                412<span class=\"text-xs\">w</span>\n            </td>\n            <td class=\"px-2 py-2 border-r-2\">\n                6.06<span class=\"text-xs\">w/kg</span>\n            </td>\n                                        <td class=\"px-2 py-2 border-l-2\">\n                352<span class=\"text-xs\">w</span>\n            </td>\n            <td class=\"px-2 py-2 border-r-2\">\n                5.18<span class=\"text-xs\">w/kg</span>\n            </td>\n                                        <td class=\"px-2 py-2 border-l-2\">\n                273<span class=\"text-xs\">w</span>\n            </td>\n            <td class=\"px-2 py-2 border-r-2\">\n                4.01<span class=\"text-xs\">w/kg</span>\n            </td>\n                                        <td class=\"px-2 py-2 border-l-2\">\n                256<span class=\"text-xs\">w</span>\n            </td>\n            <td class=\"px-2 py-2 border-r-2\">\n                3.76<span class=\"text-xs\">w/kg</span>\n            </td>\n                                        <td class=\"px-2 py-2 border-l-2\">\n                239<span class=\"text-xs\">w</span>\n            </td>\n            <td class=\"px-2 py-2 border-r-2\">\n                3.51<span class=\"text-xs\">w/kg</span>\n            </td>\n                                        <td class=\"px-2 py-2 border-l-2\">\n                218<span class=\"text-xs\">w</span>\n            </td>\n            <td class=\"px-2 py-2 border-r-2\">\n                3.21<span class=\"text-xs\">w/kg</span>\n            </td>\n            </tr>\n"
    },
    {
        "active": true,
        "searchables": "Morning Ride is-Run",
        "sort": {
            "start-date": 1690623243,
            "distance": 12.4151,
            "elevation": 15.1,
            "moving-time": 1916,
            "power": 92,
            "speed": 23.3,
            "heart-rate": 129,
            "calories": 293
        },
        "markup": "<tr class=\"group odd:bg-white border-b even:border-b even:bg-gray-50\">\n    <td class=\"px-2 py-2\">\n        29-07-23\n    </td>\n    <td class=\"px-2 py-2 truncate lg:sticky lg:left-0 group-odd:bg-white group-even:bg-gray-50\">\n                                <a href=\"#\" data-model-content-url=\"activity/activity-9542782814.html\" class=\"font-medium text-blue-600 hover:underline flex items-center gap-x-1\" rel=\"nofollow\">\n                                    <svg class=\"h-4 shrink-0\" viewBox=\"0 0 24 24\" xmlns=\"http://www.w3.org/2000/svg\" fill=\"#F26722\"><g stroke-width=\"0\"></g><g stroke-linecap=\"round\" stroke-linejoin=\"round\"></g><g> <g> <path fill=\"none\" d=\"M0 0h24v24H0z\"></path> <path d=\"M9.83 8.79L8 9.456V13H6V8.05h.015l5.268-1.918c.244-.093.51-.14.782-.131a2.616 2.616 0 0 1 2.427 1.82c.186.583.356.977.51 1.182A4.992 4.992 0 0 0 19 11v2a6.986 6.986 0 0 1-5.402-2.547l-.581 3.297L15 15.67V23h-2v-5.986l-2.05-1.987-.947 4.298-6.894-1.215.348-1.97 4.924.868L9.83 8.79zM13.5 5.5a2 2 0 1 1 0-4 2 2 0 0 1 0 4z\"></path></g></g></svg>\n                                        <span>Morning Ride</span>\n            </a>\n\n    </td>\n    <td class=\"px-6 py-2\">\n        12<span class=\"text-xs\">km</span>\n\n    </td>\n    <td class=\"px-6 py-2\">\n        <div class=\"w-[4rem]\">15<span class=\"text-xs\">m</span>\n</div>\n    </td>\n    <td class=\"px-6 py-2\">\n        31:56\n    </td>\n    <td class=\"px-6 py-2\">\n        23.3<span class=\"text-xs\">km/h</span>\n\n    </td>\n    <td class=\"px-6 py-2\">\n        129\n    </td>\n    <td class=\"px-6 py-2\">\n        293<span class=\"text-xs\">kcal</span>\n    </td>\n    <td class=\"px-6 py-2\">\n        92<span class=\"text-xs\">w</span>\n    </td>\n                                <td class=\"px-2 py-2\"></td>\n            <td class=\"px-2 py-2\"></td>\n                                        <td class=\"px-2 py-2\"></td>\n            <td class=\"px-2 py-2\"></td>\n                                        <td class=\"px-2 py-2\"></td>\n            <td class=\"px-2 py-2\"></td>\n                                        <td class=\"px-2 py-2\"></td>\n            <td class=\"px-2 py-2\"></td>\n                                        <td class=\"px-2 py-2\"></td>\n            <td class=\"px-2 py-2\"></td>\n                                        <td class=\"px-2 py-2\"></td>\n            <td class=\"px-2 py-2\"></td>\n                                        <td class=\"px-2 py-2\"></td>\n            <td class=\"px-2 py-2\"></td>\n                                        <td class=\"px-2 py-2\"></td>\n            <td class=\"px-2 py-2\"></td>\n            </tr>\n"
    },
    {
        "active": true,
        "searchables": "Morning Ride is-Run",
        "sort": {
            "start-date": 1690536843,
            "distance": 12.4151,
            "elevation": 15.1,
            "moving-time": 1916,
            "power": 92,
            "speed": 23.3,
            "heart-rate": 129,
            "calories": 293
        },
        "markup": "<tr class=\"group odd:bg-white border-b even:border-b even:bg-gray-50\">\n    <td class=\"px-2 py-2\">\n        28-07-23\n    </td>\n    <td class=\"px-2 py-2 truncate lg:sticky lg:left-0 group-odd:bg-white group-even:bg-gray-50\">\n                                <a href=\"#\" data-model-content-url=\"activity/activity-9542782314.html\" class=\"font-medium text-blue-600 hover:underline flex items-center gap-x-1\" rel=\"nofollow\">\n                                    <svg class=\"h-4 shrink-0\" viewBox=\"0 0 24 24\" xmlns=\"http://www.w3.org/2000/svg\" fill=\"#F26722\"><g stroke-width=\"0\"></g><g stroke-linecap=\"round\" stroke-linejoin=\"round\"></g><g> <g> <path fill=\"none\" d=\"M0 0h24v24H0z\"></path> <path d=\"M9.83 8.79L8 9.456V13H6V8.05h.015l5.268-1.918c.244-.093.51-.14.782-.131a2.616 2.616 0 0 1 2.427 1.82c.186.583.356.977.51 1.182A4.992 4.992 0 0 0 19 11v2a6.986 6.986 0 0 1-5.402-2.547l-.581 3.297L15 15.67V23h-2v-5.986l-2.05-1.987-.947 4.298-6.894-1.215.348-1.97 4.924.868L9.83 8.79zM13.5 5.5a2 2 0 1 1 0-4 2 2 0 0 1 0 4z\"></path></g></g></svg>\n                                        <span>Morning Ride</span>\n            </a>\n\n    </td>\n    <td class=\"px-6 py-2\">\n        12<span class=\"text-xs\">km</span>\n\n    </td>\n    <td class=\"px-6 py-2\">\n        <div class=\"w-[4rem]\">15<span class=\"text-xs\">m</span>\n</div>\n    </td>\n    <td class=\"px-6 py-2\">\n        31:56\n    </td>\n    <td class=\"px-6 py-2\">\n        23.3<span class=\"text-xs\">km/h</span>\n\n    </td>\n    <td class=\"px-6 py-2\">\n        129\n    </td>\n    <td class=\"px-6 py-2\">\n        293<span class=\"text-xs\">kcal</span>\n    </td>\n    <td class=\"px-6 py-2\">\n        92<span class=\"text-xs\">w</span>\n    </td>\n                                <td class=\"px-2 py-2\"></td>\n            <td class=\"px-2 py-2\"></td>\n                                        <td class=\"px-2 py-2\"></td>\n            <td class=\"px-2 py-2\"></td>\n                                        <td class=\"px-2 py-2\"></td>\n            <td class=\"px-2 py-2\"></td>\n                                        <td class=\"px-2 py-2\"></td>\n            <td class=\"px-2 py-2\"></td>\n                                        <td class=\"px-2 py-2\"></td>\n            <td class=\"px-2 py-2\"></td>\n                                        <td class=\"px-2 py-2\"></td>\n            <td class=\"px-2 py-2\"></td>\n                                        <td class=\"px-2 py-2\"></td>\n            <td class=\"px-2 py-2\"></td>\n                                        <td class=\"px-2 py-2\"></td>\n            <td class=\"px-2 py-2\"></td>\n            </tr>\n"
    },
    {
        "active": true,
        "searchables": "Morning Ride is-Run",
        "sort": {
            "start-date": 1674984843,
            "distance": 112.41510000000001,
            "elevation": 15.1,
            "moving-time": 1916,
            "power": 92,
            "speed": 23.3,
            "heart-rate": 129,
            "calories": 293
        },
        "markup": "<tr class=\"group odd:bg-white border-b even:border-b even:bg-gray-50\">\n    <td class=\"px-2 py-2\">\n        29-01-23\n    </td>\n    <td class=\"px-2 py-2 truncate lg:sticky lg:left-0 group-odd:bg-white group-even:bg-gray-50\">\n                                <a href=\"#\" data-model-content-url=\"activity/activity-95427823814.html\" class=\"font-medium text-blue-600 hover:underline flex items-center gap-x-1\" rel=\"nofollow\">\n                                    <svg class=\"h-4 shrink-0\" viewBox=\"0 0 24 24\" xmlns=\"http://www.w3.org/2000/svg\" fill=\"#F26722\"><g stroke-width=\"0\"></g><g stroke-linecap=\"round\" stroke-linejoin=\"round\"></g><g> <g> <path fill=\"none\" d=\"M0 0h24v24H0z\"></path> <path d=\"M9.83 8.79L8 9.456V13H6V8.05h.015l5.268-1.918c.244-.093.51-.14.782-.131a2.616 2.616 0 0 1 2.427 1.82c.186.583.356.977.51 1.182A4.992 4.992 0 0 0 19 11v2a6.986 6.986 0 0 1-5.402-2.547l-.581 3.297L15 15.67V23h-2v-5.986l-2.05-1.987-.947 4.298-6.894-1.215.348-1.97 4.924.868L9.83 8.79zM13.5 5.5a2 2 0 1 1 0-4 2 2 0 0 1 0 4z\"></path></g></g></svg>\n                                        <span>Morning Ride</span>\n            </a>\n\n    </td>\n    <td class=\"px-6 py-2\">\n        112<span class=\"text-xs\">km</span>\n\n    </td>\n    <td class=\"px-6 py-2\">\n        <div class=\"w-[4rem]\">15<span class=\"text-xs\">m</span>\n</div>\n    </td>\n    <td class=\"px-6 py-2\">\n        31:56\n    </td>\n    <td class=\"px-6 py-2\">\n        23.3<span class=\"text-xs\">km/h</span>\n\n    </td>\n    <td class=\"px-6 py-2\">\n        129\n    </td>\n    <td class=\"px-6 py-2\">\n        293<span class=\"text-xs\">kcal</span>\n    </td>\n    <td class=\"px-6 py-2\">\n        92<span class=\"text-xs\">w</span>\n    </td>\n                                <td class=\"px-2 py-2\"></td>\n            <td class=\"px-2 py-2\"></td>\n                                        <td class=\"px-2 py-2\"></td>\n            <td class=\"px-2 py-2\"></td>\n                                        <td class=\"px-2 py-2\"></td>\n            <td class=\"px-2 py-2\"></td>\n                                        <td class=\"px-2 py-2\"></td>\n            <td class=\"px-2 py-2\"></td>\n                                        <td class=\"px-2 py-2\"></td>\n            <td class=\"px-2 py-2\"></td>\n                                        <td class=\"px-2 py-2\"></td>\n            <td class=\"px-2 py-2\"></td>\n                                        <td class=\"px-2 py-2\"></td>\n            <td class=\"px-2 py-2\"></td>\n                                        <td class=\"px-2 py-2\"></td>\n            <td class=\"px-2 py-2\"></td>\n            </tr>\n"
    }
]
