{
    "allActivitiesSummary": [
        {
            "activityId": "123456789",
            "on": "2025-01-01 02:00:00"
        }
    ],
    "totalActivityCount": 1
}
