{
    "app.config.nesting": [
        "value"
    ],
    "app.config.nesting.0": "value",
    "app.gear_maintenance": {
        "no-nesting": [
            "value"
        ]
    }
}
